WARNING: Position député (Q3044918) not in boundary associated_wikidata_positions
WARNING: the district circonscription de Wallis et Futuna (Q2973883) wasn't found in the boundary data for position député (Q3044918)
WARNING: the district première circonscription de la Loire-Atlantique (Q3402081) wasn't found in the boundary data for position député (Q3044918)
WARNING: the district deuxième circonscription de la Somme (Q3025233) wasn't found in the boundary data for position député (Q3044918)
WARNING: the district circonscription de la Lozère (Q2973926) wasn't found in the boundary data for position député (Q3044918)
WARNING: the district quinzième circonscription de Paris (Q3414692) wasn't found in the boundary data for position député (Q3044918)
WARNING: the district huitième circonscription des Français établis hors de France (Q3142949) wasn't found in the boundary data for position député (Q3044918)
WARNING: the district dixième circonscription des Bouches-du-Rhône (Q3032621) wasn't found in the boundary data for position député (Q3044918)
WARNING: the district cinquième circonscription de Vaucluse (Q2972951) wasn't found in the boundary data for position député (Q3044918)
WARNING: the district deuxième circonscription de l'Ain (Q3025173) wasn't found in the boundary data for position député (Q3044918)
WARNING: the district dixième circonscription de Paris (Q3032605) wasn't found in the boundary data for position député (Q3044918)
WARNING: the district cinquième circonscription de l'Aisne (Q2972957) wasn't found in the boundary data for position député (Q3044918)
WARNING: the district deuxième circonscription du Rhône (Q3025270) wasn't found in the boundary data for position député (Q3044918)
WARNING: the district dix-huitième circonscription de Paris (Q3032517) wasn't found in the boundary data for position député (Q3044918)
WARNING: the district deuxième circonscription des Alpes-de-Haute-Provence (Q3025239) wasn't found in the boundary data for position député (Q3044918)
WARNING: the district circonscription législative de Saint-Pierre-et-Miquelon (Q2973932) wasn't found in the boundary data for position député (Q3044918)
WARNING: the district huitième circonscription de la Haute-Garonne (Q3142938) wasn't found in the boundary data for position député (Q3044918)
WARNING: the district première circonscription de la Polynésie française (Q3402094) wasn't found in the boundary data for position député (Q3044918)
WARNING: the district première circonscription de la Seine-Saint-Denis (Q3402100) wasn't found in the boundary data for position député (Q3044918)
WARNING: the district première circonscription des Alpes-Maritimes (Q3402111) wasn't found in the boundary data for position député (Q3044918)
WARNING: the district deuxième circonscription du Gard (Q3025260) wasn't found in the boundary data for position député (Q3044918)
WARNING: the district douzième circonscription du Pas-de-Calais (Q3038251) wasn't found in the boundary data for position député (Q3044918)
WARNING: the district première circonscription du Gard (Q3402139) wasn't found in the boundary data for position député (Q3044918)
WARNING: the district première circonscription de l'Ardèche (Q3402036) wasn't found in the boundary data for position député (Q3044918)
WARNING: the district deuxième circonscription de la Polynésie française (Q3025222) wasn't found in the boundary data for position député (Q3044918)
WARNING: the district deuxième circonscription de l'Ardèche (Q3025171) wasn't found in the boundary data for position député (Q3044918)
WARNING: the district troisième circonscription de l'Aveyron (Q3540115) wasn't found in the boundary data for position député (Q3044918)
WARNING: the district cinquième circonscription des Alpes-Maritimes (Q2972976) wasn't found in the boundary data for position député (Q3044918)
WARNING: the district première circonscription des Ardennes (Q3402114) wasn't found in the boundary data for position député (Q3044918)
WARNING: the district dix-neuvième circonscription du Nord (Q3032535) wasn't found in the boundary data for position député (Q3044918)
WARNING: the district neuvième circonscription des Alpes-Maritimes (Q3338775) wasn't found in the boundary data for position député (Q3044918)
WARNING: the district deuxième circonscription du Calvados (Q3025258) wasn't found in the boundary data for position député (Q3044918)
WARNING: the district deuxième circonscription de l'Aisne (Q3025175) wasn't found in the boundary data for position député (Q3044918)
WARNING: the district dixième circonscription du Nord (Q3032630) wasn't found in the boundary data for position député (Q3044918)
WARNING: the district troisième circonscription de la Charente (Q3540124) wasn't found in the boundary data for position député (Q3044918)
WARNING: the district cinquième circonscription de la Charente-Maritime (Q2972962) wasn't found in the boundary data for position député (Q3044918)
WARNING: the district deuxième circonscription du Puy-de-Dôme (Q3025269) wasn't found in the boundary data for position député (Q3044918)
WARNING: the district cinquième circonscription du Doubs (Q2972982) wasn't found in the boundary data for position député (Q3044918)
WARNING: the district deuxième circonscription de la Côte-d'Or (Q3025191) wasn't found in the boundary data for position député (Q3044918)
WARNING: the district quatorzième circonscription de Paris (Q3413413) wasn't found in the boundary data for position député (Q3044918)
WARNING: the district deuxième circonscription du Doubs (Q3025257) wasn't found in the boundary data for position député (Q3044918)
WARNING: the district seizième circonscription de Paris (Q3477966) wasn't found in the boundary data for position député (Q3044918)
WARNING: the district troisième circonscription du Puy-de-Dôme (Q3540177) wasn't found in the boundary data for position député (Q3044918)
WARNING: the district sixième circonscription du Calvados (Q3485713) wasn't found in the boundary data for position député (Q3044918)
WARNING: the district septième circonscription de la Seine-Saint-Denis (Q3479044) wasn't found in the boundary data for position député (Q3044918)
WARNING: the district deuxième circonscription de l'Yonne (Q3025187) wasn't found in the boundary data for position député (Q3044918)
WARNING: the district troisième circonscription de l'Orne (Q3540121) wasn't found in the boundary data for position député (Q3044918)
WARNING: the district circonscription législative de Saint-Pierre-et-Miquelon (Q2973932) wasn't found in the boundary data for position député (Q3044918)
WARNING: the district cinquième circonscription du Bas-Rhin (Q2414947) wasn't found in the boundary data for position député (Q3044918)
WARNING: the district dixième circonscription de la Gironde (Q3032620) wasn't found in the boundary data for position député (Q3044918)
WARNING: the district quatrième circonscription de l'Oise (Q3413563) wasn't found in the boundary data for position député (Q3044918)
WARNING: the district troisième circonscription des Bouches-du-Rhône (Q3540153) wasn't found in the boundary data for position député (Q3044918)
WARNING: the district huitième circonscription des Alpes-Maritimes (Q3142947) wasn't found in the boundary data for position député (Q3044918)
WARNING: the district première circonscription de la Meuse (Q3402090) wasn't found in the boundary data for position député (Q3044918)
WARNING: the district troisième circonscription des Landes (Q3540160) wasn't found in the boundary data for position député (Q3044918)
WARNING: the district deuxième circonscription des Deux-Sèvres (Q3025244) wasn't found in the boundary data for position député (Q3044918)
WARNING: the district deuxième circonscription des Deux-Sèvres (Q3025244) wasn't found in the boundary data for position député (Q3044918)
WARNING: the district huitième circonscription de Seine-et-Marne (Q3142931) wasn't found in the boundary data for position député (Q3044918)
WARNING: the district cinquième circonscription de Paris (Q2972946) wasn't found in the boundary data for position député (Q3044918)
WARNING: the district sixième circonscription du Pas-de-Calais (Q3485722) wasn't found in the boundary data for position député (Q3044918)
WARNING: the district quatrième circonscription de Paris (Q3413547) wasn't found in the boundary data for position député (Q3044918)
WARNING: the district sixième circonscription du Rhône (Q3485721) wasn't found in the boundary data for position député (Q3044918)
WARNING: the district première circonscription des Côtes-d'Armor (Q3402115) wasn't found in the boundary data for position député (Q3044918)
WARNING: the district deuxième circonscription de la Martinique (Q3025217) wasn't found in the boundary data for position député (Q3044918)
WARNING: the district dixième circonscription des Yvelines (Q3032623) wasn't found in the boundary data for position député (Q3044918)
WARNING: the district cinquième circonscription de la Marne (Q2972966) wasn't found in the boundary data for position député (Q3044918)
WARNING: the district treizième circonscription du Nord (Q3538383) wasn't found in the boundary data for position député (Q3044918)
WARNING: the district cinquième circonscription de la Seine-Maritime (Q2972969) wasn't found in the boundary data for position député (Q3044918)
WARNING: the district cinquième circonscription de la Seine-Maritime (Q2972969) wasn't found in the boundary data for position député (Q3044918)
WARNING: the district troisième circonscription du Loiret (Q3540173) wasn't found in the boundary data for position député (Q3044918)
WARNING: the district cinquième circonscription des Côtes-d'Armor (Q2972978) wasn't found in the boundary data for position député (Q3044918)
WARNING: the district onzième circonscription de la Seine-Saint-Denis (Q3352901) wasn't found in the boundary data for position député (Q3044918)
WARNING: the district sixième circonscription de l'Hérault (Q3485688) wasn't found in the boundary data for position député (Q3044918)
WARNING: the district seizième circonscription de Paris (Q3477966) wasn't found in the boundary data for position député (Q3044918)
WARNING: the district quatrième circonscription de Saône-et-Loire (Q3413550) wasn't found in the boundary data for position député (Q3044918)
WARNING: the district première circonscription des Pyrénées-Orientales (Q3402130) wasn't found in the boundary data for position député (Q3044918)
WARNING: the district première circonscription des Français établis hors de France (Q3402119) wasn't found in the boundary data for position député (Q3044918)
WARNING: the district quatrième circonscription du Pas-de-Calais (Q3413621) wasn't found in the boundary data for position député (Q3044918)
WARNING: the district première circonscription de l'Aude (Q3402049) wasn't found in the boundary data for position député (Q3044918)
WARNING: the district troisième circonscription des Pyrénées-Atlantiques (Q3540159) wasn't found in the boundary data for position député (Q3044918)
WARNING: the district deuxième circonscription des Côtes-d'Armor (Q3025247) wasn't found in the boundary data for position député (Q3044918)
WARNING: the district troisième circonscription des Pyrénées-Orientales (Q16467659) wasn't found in the boundary data for position député (Q3044918)
WARNING: the district quatrième circonscription des Pyrénées-Orientales (Q3413603) wasn't found in the boundary data for position député (Q3044918)
WARNING: the district première circonscription de Paris (Q3402014) wasn't found in the boundary data for position député (Q3044918)
WARNING: the district quatrième circonscription de la Loire (Q3413578) wasn't found in the boundary data for position député (Q3044918)
WARNING: the district circonscription de Saint-Barthélemy et Saint-Martin (Q2973821) wasn't found in the boundary data for position député (Q3044918)
WARNING: the district deuxième circonscription de la Guyane (Q3025199) wasn't found in the boundary data for position député (Q3044918)
WARNING: the district deuxième circonscription de la Guyane (Q3025199) wasn't found in the boundary data for position député (Q3044918)
WARNING: the district troisième circonscription de Saône-et-Loire (Q3540103) wasn't found in the boundary data for position député (Q3044918)
WARNING: the district troisième circonscription de Vaucluse (Q3540107) wasn't found in the boundary data for position député (Q3044918)
WARNING: the district deuxième circonscription de l'Aube (Q3025177) wasn't found in the boundary data for position député (Q3044918)
WARNING: the district troisième circonscription de l'Ain (Q3540108) wasn't found in the boundary data for position député (Q3044918)
WARNING: the district première circonscription d'Indre-et-Loire (Q3401948) wasn't found in the boundary data for position député (Q3044918)
WARNING: the district treizième circonscription des Bouches-du-Rhône (Q3538378) wasn't found in the boundary data for position député (Q3044918)
WARNING: the district première circonscription d'Ille-et-Vilaine (Q3401953) wasn't found in the boundary data for position député (Q3044918)
WARNING: the district deuxième circonscription d'Ille-et-Vilaine (Q3025087) wasn't found in the boundary data for position député (Q3044918)
WARNING: the district deuxième circonscription d'Ille-et-Vilaine (Q3025087) wasn't found in the boundary data for position député (Q3044918)
WARNING: the district cinquième circonscription de La Réunion (Q2972940) wasn't found in the boundary data for position député (Q3044918)
WARNING: the district huitième circonscription des Bouches-du-Rhône (Q3142944) wasn't found in the boundary data for position député (Q3044918)
WARNING: the district troisième circonscription de La Réunion (Q3540096) wasn't found in the boundary data for position député (Q3044918)
WARNING: the district troisième circonscription de La Réunion (Q3540096) wasn't found in the boundary data for position député (Q3044918)
WARNING: the district quatorzième circonscription des Bouches-du-Rhône (Q3413416) wasn't found in the boundary data for position député (Q3044918)
WARNING: the district onzième circonscription des Bouches-du-Rhône (Q3352902) wasn't found in the boundary data for position député (Q3044918)
WARNING: the district seizième circonscription des Bouches-du-Rhône (Q3477973) wasn't found in the boundary data for position député (Q3044918)
WARNING: the district sixième circonscription de La Réunion (Q3485675) wasn't found in the boundary data for position député (Q3044918)
WARNING: the district septième circonscription des Bouches-du-Rhône (Q3479043) wasn't found in the boundary data for position député (Q3044918)
WARNING: the district quatrième circonscription de La Réunion (Q3413542) wasn't found in the boundary data for position député (Q3044918)
WARNING: the district cinquième circonscription des Bouches-du-Rhône (Q2972974) wasn't found in the boundary data for position député (Q3044918)
WARNING: the district deuxième circonscription de l'Allier (Q3025176) wasn't found in the boundary data for position député (Q3044918)
WARNING: the district deuxième circonscription des Bouches-du-Rhône (Q3025238) wasn't found in the boundary data for position député (Q3044918)
WARNING: the district deuxième circonscription de la Gironde (Q3025203) wasn't found in the boundary data for position député (Q3044918)
WARNING: the district deuxième circonscription du Var (Q3025276) wasn't found in the boundary data for position député (Q3044918)
WARNING: the district dix-septième circonscription de Paris (Q3032527) wasn't found in the boundary data for position député (Q3044918)
WARNING: the district deuxième circonscription d'Indre-et-Loire (Q3025082) wasn't found in the boundary data for position député (Q3044918)
WARNING: the district quatrième circonscription d'Indre-et-Loire (Q3413537) wasn't found in the boundary data for position député (Q3044918)
WARNING: the district cinquième circonscription d'Indre-et-Loire (Q2972934) wasn't found in the boundary data for position député (Q3044918)
WARNING: the district sixième circonscription de la Moselle (Q3485699) wasn't found in the boundary data for position député (Q3044918)
WARNING: the district quinzième circonscription du Nord (Q3414700) wasn't found in the boundary data for position député (Q3044918)
WARNING: the district quatrième circonscription des Yvelines (Q3413604) wasn't found in the boundary data for position député (Q3044918)
WARNING: the district première circonscription du Puy-de-Dôme (Q3402150) wasn't found in the boundary data for position député (Q3044918)
WARNING: the district septième circonscription des Français établis hors de France (Q261171) wasn't found in the boundary data for position député (Q3044918)
WARNING: the district quatrième circonscription du Haut-Rhin (Q3413612) wasn't found in the boundary data for position député (Q3044918)
WARNING: the district onzième circonscription des Hauts-de-Seine (Q3352903) wasn't found in the boundary data for position député (Q3044918)
WARNING: the district deuxième circonscription de la Loire-Atlantique (Q3025212) wasn't found in the boundary data for position député (Q3044918)
WARNING: the district troisième circonscription de la Loire-Atlantique (Q3540138) wasn't found in the boundary data for position député (Q3044918)
WARNING: the district dixième circonscription du Pas-de-Calais (Q3032629) wasn't found in the boundary data for position député (Q3044918)
WARNING: the district deuxième circonscription du Lot (Q3025266) wasn't found in the boundary data for position député (Q3044918)
WARNING: the district première circonscription du Val-d'Oise (Q3402159) wasn't found in the boundary data for position député (Q3044918)
WARNING: the district quatrième circonscription de l'Ain (Q3413555) wasn't found in the boundary data for position député (Q3044918)
WARNING: the district première circonscription de l'Aube (Q3402046) wasn't found in the boundary data for position député (Q3044918)
WARNING: the district quatrième circonscription du Rhône (Q3413620) wasn't found in the boundary data for position député (Q3044918)
WARNING: the district première circonscription de la Savoie (Q3402095) wasn't found in the boundary data for position député (Q3044918)
WARNING: the district cinquième circonscription du Rhône (Q2972992) wasn't found in the boundary data for position député (Q3044918)
WARNING: the district huitième circonscription des Hauts-de-Seine (Q3142948) wasn't found in the boundary data for position député (Q3044918)
WARNING: the district huitième circonscription de l'Isère (Q3142934) wasn't found in the boundary data for position député (Q3044918)
WARNING: the district sixième circonscription du Morbihan (Q3485718) wasn't found in the boundary data for position député (Q3044918)
WARNING: the district première circonscription de Mayotte (Q3402002) wasn't found in the boundary data for position député (Q3044918)
WARNING: the district première circonscription de Mayotte (Q3402002) wasn't found in the boundary data for position député (Q3044918)
WARNING: the district première circonscription de l'Aisne (Q3402041) wasn't found in the boundary data for position député (Q3044918)
WARNING: the district première circonscription de la Haute-Saône (Q3402077) wasn't found in the boundary data for position député (Q3044918)
WARNING: the district quatrième circonscription de l'Aisne (Q3413556) wasn't found in the boundary data for position député (Q3044918)
WARNING: the district huitième circonscription du Nord (Q3142956) wasn't found in the boundary data for position député (Q3044918)
WARNING: the district troisième circonscription de l'Allier (Q3540111) wasn't found in the boundary data for position député (Q3044918)
WARNING: the district première circonscription des Alpes-de-Haute-Provence (Q3402112) wasn't found in the boundary data for position député (Q3044918)
WARNING: the district deuxième circonscription des Yvelines (Q3025252) wasn't found in the boundary data for position député (Q3044918)
WARNING: the district première circonscription des Hautes-Alpes (Q3402122) wasn't found in the boundary data for position député (Q3044918)
WARNING: the district deuxième circonscription des Alpes-Maritimes (Q3025240) wasn't found in the boundary data for position député (Q3044918)
WARNING: the district troisième circonscription des Alpes-Maritimes (Q3540154) wasn't found in the boundary data for position député (Q3044918)
WARNING: the district quatrième circonscription des Alpes-Maritimes (Q3413596) wasn't found in the boundary data for position député (Q3044918)
WARNING: the district deuxième circonscription des Ardennes (Q3025241) wasn't found in the boundary data for position député (Q3044918)
WARNING: the district troisième circonscription du Cher (Q3540166) wasn't found in the boundary data for position député (Q3044918)
WARNING: the district septième circonscription des Alpes-Maritimes (Q779735) wasn't found in the boundary data for position député (Q3044918)
WARNING: the district sixième circonscription des Alpes-Maritimes (Q3485706) wasn't found in the boundary data for position député (Q3044918)
WARNING: the district troisième circonscription de l'Ardèche (Q3540110) wasn't found in the boundary data for position député (Q3044918)
WARNING: the district première circonscription de la Seine-Maritime (Q3402098) wasn't found in the boundary data for position député (Q3044918)
WARNING: the district quatrième circonscription de la Loire-Atlantique (Q3413579) wasn't found in the boundary data for position député (Q3044918)
WARNING: the district troisième circonscription de la Seine-Saint-Denis (Q16009851) wasn't found in the boundary data for position député (Q3044918)
WARNING: the district sixième circonscription de l'Isère (Q3485689) wasn't found in the boundary data for position député (Q3044918)
WARNING: the district première circonscription de l'Ariège (Q3402039) wasn't found in the boundary data for position député (Q3044918)
WARNING: the district septième circonscription des Hauts-de-Seine (Q3479045) wasn't found in the boundary data for position député (Q3044918)
WARNING: the district deuxième circonscription de la Corrèze (Q3025194) wasn't found in the boundary data for position député (Q3044918)
WARNING: the district onzième circonscription du Rhône (Q3352910) wasn't found in the boundary data for position député (Q3044918)
WARNING: the district quatrième circonscription de la Côte-d'Or (Q3413567) wasn't found in the boundary data for position député (Q3044918)
WARNING: the district troisième circonscription de la Drôme (Q3540128) wasn't found in the boundary data for position député (Q3044918)
WARNING: the district onzième circonscription des Français établis hors de France (Q3352905) wasn't found in the boundary data for position député (Q3044918)
WARNING: the district première circonscription du Loiret (Q3402145) wasn't found in the boundary data for position député (Q3044918)
WARNING: the district troisième circonscription de la Gironde (Q3540130) wasn't found in the boundary data for position député (Q3044918)
WARNING: the district première circonscription du Finistère (Q3402141) wasn't found in the boundary data for position député (Q3044918)
WARNING: the district quatrième circonscription du Finistère (Q3413611) wasn't found in the boundary data for position député (Q3044918)
WARNING: the district cinquième circonscription du Finistère (Q2972983) wasn't found in the boundary data for position député (Q3044918)
WARNING: the district septième circonscription du Finistère (Q3479048) wasn't found in the boundary data for position député (Q3044918)
WARNING: the district deuxième circonscription de l'Ariège (Q3025172) wasn't found in the boundary data for position député (Q3044918)
WARNING: the district deuxième circonscription de l'Aude (Q3025182) wasn't found in the boundary data for position député (Q3044918)
WARNING: the district quatrième circonscription du Bas-Rhin (Q3413606) wasn't found in the boundary data for position député (Q3044918)
WARNING: the district troisième circonscription du Calvados (Q3540167) wasn't found in the boundary data for position député (Q3044918)
WARNING: the district troisième circonscription de la Dordogne (Q2362391) wasn't found in the boundary data for position député (Q3044918)
WARNING: the district deuxième circonscription de la Haute-Corse (Q3025201) wasn't found in the boundary data for position député (Q3044918)
WARNING: the district dixième circonscription des Hauts-de-Seine (Q3032622) wasn't found in the boundary data for position député (Q3044918)
WARNING: the district huitième circonscription de Paris (Q3142924) wasn't found in the boundary data for position député (Q3044918)
WARNING: the district première circonscription des Yvelines (Q3402129) wasn't found in the boundary data for position député (Q3044918)
WARNING: the district deuxième circonscription de la Mayenne (Q3025218) wasn't found in the boundary data for position député (Q3044918)
WARNING: the district neuvième circonscription des Yvelines (Q3338776) wasn't found in the boundary data for position député (Q3044918)
WARNING: the district première circonscription de la Haute-Vienne (Q3402078) wasn't found in the boundary data for position député (Q3044918)
WARNING: the district première circonscription de la Marne (Q3402085) wasn't found in the boundary data for position député (Q3044918)
WARNING: the district deuxième circonscription du Nord (Q3025272) wasn't found in the boundary data for position député (Q3044918)
WARNING: the district septième circonscription de l'Isère (Q3479034) wasn't found in the boundary data for position député (Q3044918)
WARNING: the district quatrième circonscription du Nord (Q3413617) wasn't found in the boundary data for position député (Q3044918)
WARNING: the district douzième circonscription du Nord (Q3038249) wasn't found in the boundary data for position député (Q3044918)
WARNING: the district première circonscription de la Haute-Marne (Q3402074) wasn't found in the boundary data for position député (Q3044918)
WARNING: the district neuvième circonscription de l'Isère (Q3338764) wasn't found in the boundary data for position député (Q3044918)
WARNING: the district deuxième circonscription de la Seine-Maritime (Q3025228) wasn't found in the boundary data for position député (Q3044918)
WARNING: the district première circonscription du Bas-Rhin (Q3402131) wasn't found in the boundary data for position député (Q3044918)
WARNING: the district deuxième circonscription de l'Aveyron (Q3025183) wasn't found in the boundary data for position député (Q3044918)
WARNING: the district septième circonscription de Maine-et-Loire (Q3479026) wasn't found in the boundary data for position député (Q3044918)
WARNING: the district troisième circonscription de la Savoie (Q3540145) wasn't found in the boundary data for position député (Q3044918)
WARNING: the district cinquième circonscription des Yvelines (Q2972980) wasn't found in the boundary data for position député (Q3044918)
WARNING: the district deuxième circonscription du Bas-Rhin (Q3025255) wasn't found in the boundary data for position député (Q3044918)
WARNING: the district deuxième circonscription du Loiret (Q3025265) wasn't found in the boundary data for position député (Q3044918)
WARNING: the district troisième circonscription de l'Yonne (Q3540123) wasn't found in the boundary data for position député (Q3044918)
WARNING: the district sixième circonscription de l'Oise (Q3485691) wasn't found in the boundary data for position député (Q3044918)
WARNING: the district première circonscription du Territoire de Belfort (Q3402158) wasn't found in the boundary data for position député (Q3044918)
WARNING: the district première circonscription du Territoire de Belfort (Q3402158) wasn't found in the boundary data for position député (Q3044918)
WARNING: the district quatrième circonscription de la Drôme (Q3413568) wasn't found in the boundary data for position député (Q3044918)
WARNING: the district douzième circonscription du Rhône (Q3038248) wasn't found in the boundary data for position député (Q3044918)
WARNING: the district septième circonscription de la Haute-Garonne (Q3479037) wasn't found in the boundary data for position député (Q3044918)
WARNING: the district troisième circonscription de la Haute-Garonne (Q3540132) wasn't found in the boundary data for position député (Q3044918)
WARNING: the district quatrième circonscription des Français établis hors de France (Q3413598) wasn't found in the boundary data for position député (Q3044918)
WARNING: the district deuxième circonscription de la Haute-Saône (Q3025208) wasn't found in the boundary data for position député (Q3044918)
WARNING: the district deuxième circonscription du Tarn (Q3025271) wasn't found in the boundary data for position député (Q3044918)
WARNING: the district troisième circonscription de l'Oise (Q3540120) wasn't found in the boundary data for position député (Q3044918)
WARNING: the district quatrième circonscription de Meurthe-et-Moselle (Q3413543) wasn't found in the boundary data for position député (Q3044918)
WARNING: the district huitième circonscription du Var (Q3142963) wasn't found in the boundary data for position député (Q3044918)
WARNING: the district septième circonscription du Var (Q3479055) wasn't found in the boundary data for position député (Q3044918)
WARNING: the district septième circonscription du Rhône (Q3479051) wasn't found in the boundary data for position député (Q3044918)
WARNING: the district cinquième circonscription des Pyrénées-Atlantiques (Q2972981) wasn't found in the boundary data for position député (Q3044918)
WARNING: the district première circonscription du Jura (Q3402143) wasn't found in the boundary data for position député (Q3044918)
WARNING: the district troisième circonscription de la Vendée (Q3540150) wasn't found in the boundary data for position député (Q3044918)
WARNING: the district deuxième circonscription des Landes (Q3025249) wasn't found in the boundary data for position député (Q3044918)
WARNING: the district première circonscription de la Haute-Corse (Q2394708) wasn't found in the boundary data for position député (Q3044918)
WARNING: the district deuxième circonscription de la Meuse (Q3025219) wasn't found in the boundary data for position député (Q3044918)
WARNING: the district cinquième circonscription des Hauts-de-Seine (Q2972977) wasn't found in the boundary data for position député (Q3044918)
WARNING: the district deuxième circonscription de la Guadeloupe (Q3025198) wasn't found in the boundary data for position député (Q3044918)
WARNING: the district première circonscription du Val-de-Marne (Q3402160) wasn't found in the boundary data for position député (Q3044918)
WARNING: the district deuxième circonscription de la Corse-du-Sud (Q3025190) wasn't found in the boundary data for position député (Q3044918)
WARNING: the district première circonscription de la Haute-Loire (Q3402072) wasn't found in the boundary data for position député (Q3044918)
WARNING: the district deuxième circonscription de la Haute-Vienne (Q3025209) wasn't found in the boundary data for position député (Q3044918)
WARNING: the district septième circonscription de la Moselle (Q3479040) wasn't found in the boundary data for position député (Q3044918)
WARNING: the district sixième circonscription des Yvelines (Q3485708) wasn't found in the boundary data for position député (Q3044918)
WARNING: the district sixième circonscription des Français établis hors de France (Q1103423) wasn't found in the boundary data for position député (Q3044918)
WARNING: the district première circonscription des Pyrénées-Atlantiques (Q3402125) wasn't found in the boundary data for position député (Q3044918)
WARNING: the district septième circonscription de la Loire-Atlantique (Q3479042) wasn't found in the boundary data for position député (Q3044918)
WARNING: the district deuxième circonscription de la Nièvre (Q3025221) wasn't found in the boundary data for position député (Q3044918)
WARNING: the district troisième circonscription de Paris (Q3540101) wasn't found in the boundary data for position député (Q3044918)
WARNING: the district dixième circonscription du Val-de-Marne (Q3032627) wasn't found in the boundary data for position député (Q3044918)
WARNING: the district sixième circonscription de Seine-et-Marne (Q3485684) wasn't found in the boundary data for position député (Q3044918)
WARNING: the district onzième circonscription des Yvelines (Q3352904) wasn't found in the boundary data for position député (Q3044918)
WARNING: the district deuxième circonscription du Val-d'Oise (Q3025275) wasn't found in the boundary data for position député (Q3044918)
WARNING: the district première circonscription de la Corrèze (Q767203) wasn't found in the boundary data for position député (Q3044918)
WARNING: the district deuxième circonscription du Finistère (Q924710) wasn't found in the boundary data for position député (Q3044918)
WARNING: the district neuvième circonscription du Nord (Q3338783) wasn't found in the boundary data for position député (Q3044918)
WARNING: the district cinquième circonscription de la Loire-Atlantique (Q2972973) wasn't found in the boundary data for position député (Q3044918)
WARNING: the district huitième circonscription du Pas-de-Calais (Q3142959) wasn't found in the boundary data for position député (Q3044918)
WARNING: the district troisième circonscription des Français établis hors de France (Q283786) wasn't found in the boundary data for position député (Q3044918)
WARNING: the district troisième circonscription des Français établis hors de France (Q283786) wasn't found in the boundary data for position député (Q3044918)
WARNING: the district quatrième circonscription d'Ille-et-Vilaine (Q3413541) wasn't found in the boundary data for position député (Q3044918)
WARNING: the district troisième circonscription de la Sarthe (Q2396895) wasn't found in the boundary data for position député (Q3044918)
WARNING: the district huitième circonscription d'Ille-et-Vilaine (Q3142930) wasn't found in the boundary data for position député (Q3044918)
WARNING: the district neuvième circonscription de la Haute-Garonne (Q3338765) wasn't found in the boundary data for position député (Q3044918)
WARNING: the district deuxième circonscription des Hauts-de-Seine (Q3025251) wasn't found in the boundary data for position député (Q3044918)
WARNING: the district première circonscription de la Sarthe (Q3402096) wasn't found in the boundary data for position député (Q3044918)
WARNING: the district cinquième circonscription d'Ille-et-Vilaine (Q2972941) wasn't found in the boundary data for position député (Q3044918)
WARNING: the district deuxième circonscription de la Haute-Savoie (Q3025207) wasn't found in the boundary data for position député (Q3044918)
WARNING: the district dixième circonscription des Français établis hors de France (Q590320) wasn't found in the boundary data for position député (Q3044918)
WARNING: the district troisième circonscription de la Charente-Maritime (Q3540126) wasn't found in the boundary data for position député (Q3044918)
WARNING: the district deuxième circonscription des Français établis hors de France (Q3025246) wasn't found in the boundary data for position député (Q3044918)
WARNING: the district troisième circonscription de l'Aude (Q3540113) wasn't found in the boundary data for position député (Q3044918)
WARNING: the district  (Q3540161) wasn't found in the boundary data for position député (Q3044918)
WARNING: the district neuvième circonscription du Bas-Rhin (Q3338778) wasn't found in the boundary data for position député (Q3044918)
WARNING: the district huitième circonscription du Finistère (Q3142955) wasn't found in the boundary data for position député (Q3044918)
WARNING: the district dixième circonscription de la Seine-Maritime (Q3032614) wasn't found in the boundary data for position député (Q3044918)
WARNING: the district cinquième circonscription du Haut-Rhin (Q2972986) wasn't found in the boundary data for position député (Q3044918)
WARNING: the district première circonscription de la Moselle (Q3402091) wasn't found in the boundary data for position député (Q3044918)
WARNING: the district quatrième circonscription du Calvados (Q3413608) wasn't found in the boundary data for position député (Q3044918)
WARNING: the district huitième circonscription de la Seine-Saint-Denis (Q3142943) wasn't found in the boundary data for position député (Q3044918)
WARNING: the district première circonscription du Calvados (Q532896) wasn't found in the boundary data for position député (Q3044918)
WARNING: the district première circonscription de la Charente (Q3402059) wasn't found in the boundary data for position député (Q3044918)
WARNING: the district cinquième circonscription du Calvados (Q2972987) wasn't found in the boundary data for position député (Q3044918)
WARNING: the district deuxième circonscription de la Charente-Maritime (Q3025192) wasn't found in the boundary data for position député (Q3044918)
WARNING: the district deuxième circonscription de la Charente (Q3025189) wasn't found in the boundary data for position député (Q3044918)
WARNING: the district première circonscription du Cher (Q3402133) wasn't found in the boundary data for position député (Q3044918)
WARNING: the district quatrième circonscription de la Charente-Maritime (Q3413570) wasn't found in the boundary data for position député (Q3044918)
WARNING: the district deuxième circonscription du Cher (Q3025256) wasn't found in the boundary data for position député (Q3044918)
WARNING: the district première circonscription de la Corse-du-Sud (Q3402060) wasn't found in the boundary data for position député (Q3044918)
WARNING: the district sixième circonscription de la Loire (Q3485697) wasn't found in the boundary data for position député (Q3044918)
WARNING: the district troisième circonscription de la Loire (Q3540135) wasn't found in the boundary data for position député (Q3044918)
WARNING: the district première circonscription des Hauts-de-Seine (Q3402126) wasn't found in the boundary data for position député (Q3044918)
WARNING: the district sixième circonscription de Meurthe-et-Moselle (Q3485680) wasn't found in the boundary data for position député (Q3044918)
WARNING: the district troisième circonscription des Deux-Sèvres (Q3540156) wasn't found in the boundary data for position député (Q3044918)
WARNING: the district cinquième circonscription de la Côte-d'Or (Q2972959) wasn't found in the boundary data for position député (Q3044918)
WARNING: the district septième circonscription de la Seine-Maritime (Q3479041) wasn't found in the boundary data for position député (Q3044918)
WARNING: the district troisième circonscription de la Côte-d'Or (Q3540127) wasn't found in the boundary data for position député (Q3044918)
WARNING: the district première circonscription de la Côte-d'Or (Q3402062) wasn't found in the boundary data for position député (Q3044918)
WARNING: the district quatrième circonscription des Hauts-de-Seine (Q2362577) wasn't found in the boundary data for position député (Q3044918)
WARNING: the district cinquième circonscription du Gard (Q2972985) wasn't found in the boundary data for position député (Q3044918)
WARNING: the district deuxième circonscription de la Vendée (Q3025231) wasn't found in the boundary data for position député (Q3044918)
WARNING: the district deuxième circonscription de Meurthe-et-Moselle (Q3025136) wasn't found in the boundary data for position député (Q3044918)
WARNING: the district quatrième circonscription des Côtes-d'Armor (Q3413600) wasn't found in the boundary data for position député (Q3044918)
WARNING: the district dixième circonscription du Rhône (Q3032624) wasn't found in the boundary data for position député (Q3044918)
WARNING: the district troisième circonscription de la Marne (Q3540137) wasn't found in the boundary data for position député (Q3044918)
WARNING: the district sixième circonscription du Val-de-Marne (Q3485725) wasn't found in the boundary data for position député (Q3044918)
WARNING: the district première circonscription de la Nièvre (Q3402092) wasn't found in the boundary data for position député (Q3044918)
WARNING: the district douzième circonscription des Yvelines (Q3038246) wasn't found in the boundary data for position député (Q3044918)
WARNING: the district douzième circonscription de Paris (Q3038236) wasn't found in the boundary data for position député (Q3044918)
WARNING: the district huitième circonscription de la Moselle (Q3142939) wasn't found in the boundary data for position député (Q3044918)
WARNING: the district neuvième circonscription de la Loire-Atlantique (Q3338767) wasn't found in the boundary data for position député (Q3044918)
WARNING: the district cinquième circonscription de la Vendée (Q2972972) wasn't found in the boundary data for position député (Q3044918)
WARNING: the district dix-septième circonscription du Nord (Q3032540) wasn't found in the boundary data for position député (Q3044918)
WARNING: the district deuxième circonscription de la Vienne (Q3025236) wasn't found in the boundary data for position député (Q3044918)
WARNING: the district cinquième circonscription de l'Hérault (Q2972956) wasn't found in the boundary data for position député (Q3044918)
WARNING: the district première circonscription de l'Indre (Q3402166) wasn't found in the boundary data for position député (Q3044918)
WARNING: the district cinquième circonscription de l'Isère (Q2972955) wasn't found in the boundary data for position député (Q3044918)
WARNING: the district neuvième circonscription de la Seine-Maritime (Q3338771) wasn't found in the boundary data for position député (Q3044918)
WARNING: the district septième circonscription de Seine-et-Marne (Q3479031) wasn't found in the boundary data for position député (Q3044918)
WARNING: the district quatrième circonscription de la Manche (Q3413581) wasn't found in the boundary data for position député (Q3044918)
WARNING: the district septième circonscription de Paris (Q3479029) wasn't found in the boundary data for position député (Q3044918)
WARNING: the district dix-huitième circonscription du Nord (Q2413257) wasn't found in the boundary data for position député (Q3044918)
WARNING: the district deuxième circonscription de la Marne (Q3025215) wasn't found in the boundary data for position député (Q3044918)
WARNING: the district sixième circonscription de la Seine-Saint-Denis (Q3485702) wasn't found in the boundary data for position député (Q3044918)
WARNING: the district deuxième circonscription de la Haute-Garonne (Q3025202) wasn't found in the boundary data for position député (Q3044918)
WARNING: the district première circonscription de la Vendée (Q3402105) wasn't found in the boundary data for position député (Q3044918)
WARNING: the district troisième circonscription de la Polynésie française (Q3540143) wasn't found in the boundary data for position député (Q3044918)
WARNING: the district sixième circonscription des Pyrénées-Atlantiques (Q3485710) wasn't found in the boundary data for position député (Q3044918)
WARNING: the district seizième circonscription du Nord (Q3477976) wasn't found in the boundary data for position député (Q3044918)
WARNING: the district première circonscription du Lot (Q3402146) wasn't found in the boundary data for position député (Q3044918)
WARNING: the district première circonscription de Maine-et-Loire (Q3401999) wasn't found in the boundary data for position député (Q3044918)
WARNING: the district cinquième circonscription de Meurthe-et-Moselle (Q2972944) wasn't found in the boundary data for position député (Q3044918)
WARNING: the district troisième circonscription du Finistère (Q3540168) wasn't found in the boundary data for position député (Q3044918)
WARNING: the district quatrième circonscription de la Vendée (Q3413590) wasn't found in the boundary data for position député (Q3044918)
WARNING: the district cinquième circonscription de la Haute-Savoie (Q2972961) wasn't found in the boundary data for position député (Q3044918)
WARNING: the district première circonscription de Seine-et-Marne (Q3402022) wasn't found in the boundary data for position député (Q3044918)
WARNING: the district troisième circonscription de la Haute-Vienne (Q3540134) wasn't found in the boundary data for position député (Q3044918)
WARNING: the district quatrième circonscription de la Marne (Q3413582) wasn't found in the boundary data for position député (Q3044918)
WARNING: the district troisième circonscription de la Somme (Q3540151) wasn't found in the boundary data for position député (Q3044918)
WARNING: the district cinquième circonscription de Maine-et-Loire (Q2972942) wasn't found in the boundary data for position député (Q3044918)
WARNING: the district troisième circonscription du Var (Q3540182) wasn't found in the boundary data for position député (Q3044918)
WARNING: the district troisième circonscription de la Guadeloupe (Q3540129) wasn't found in the boundary data for position député (Q3044918)
WARNING: the district deuxième circonscription des Pyrénées-Atlantiques (Q650207) wasn't found in the boundary data for position député (Q3044918)
WARNING: the district quatrième circonscription du Var (Q3413625) wasn't found in the boundary data for position député (Q3044918)
WARNING: the district deuxième circonscription du Val-de-Marne (Q2384820) wasn't found in the boundary data for position député (Q3044918)
WARNING: the district dixième circonscription de l'Isère (Q3032612) wasn't found in the boundary data for position député (Q3044918)
WARNING: the district cinquième circonscription du Var (Q2972996) wasn't found in the boundary data for position député (Q3044918)
WARNING: the district quatrième circonscription de la Savoie (Q3413587) wasn't found in the boundary data for position député (Q3044918)
WARNING: the district deuxième circonscription de la Loire (Q3025210) wasn't found in the boundary data for position député (Q3044918)
WARNING: the district sixième circonscription de l'Essonne (Q3485687) wasn't found in the boundary data for position député (Q3044918)
WARNING: the district circonscription de la Creuse (Q2973925) wasn't found in the boundary data for position député (Q3044918)
WARNING: the district quatrième circonscription du Val-d'Oise (Q3413623) wasn't found in the boundary data for position député (Q3044918)
WARNING: the district cinquième circonscription de l'Eure (Q2972954) wasn't found in the boundary data for position député (Q3044918)
WARNING: the district neuvième circonscription du Val-d'Oise (Q3338781) wasn't found in the boundary data for position député (Q3044918)
WARNING: the district deuxième circonscription de la Seine-Saint-Denis (Q3025229) wasn't found in the boundary data for position député (Q3044918)
WARNING: the district neuvième circonscription de Seine-et-Marne (Q3338759) wasn't found in the boundary data for position député (Q3044918)
WARNING: the district onzième circonscription du Nord (Q3352909) wasn't found in the boundary data for position député (Q3044918)
WARNING: the district  (Q3540163) wasn't found in the boundary data for position député (Q3044918)
WARNING: the district  (Q3402152) wasn't found in the boundary data for position député (Q3044918)
WARNING: the district dixième circonscription de la Seine-Saint-Denis (Q3032617) wasn't found in the boundary data for position député (Q3044918)
WARNING: the district sixième circonscription du Loiret (Q3485717) wasn't found in the boundary data for position député (Q3044918)
WARNING: the district dixième circonscription de l'Essonne (Q3032611) wasn't found in the boundary data for position député (Q3044918)
WARNING: the district neuvième circonscription de la Moselle (Q3338768) wasn't found in the boundary data for position député (Q3044918)
WARNING: the district septième circonscription de l'Essonne (Q3479032) wasn't found in the boundary data for position député (Q3044918)
WARNING: the district treizième circonscription de Paris (Q3538372) wasn't found in the boundary data for position député (Q3044918)
WARNING: the district deuxième circonscription de l'Hérault (Q3025181) wasn't found in the boundary data for position député (Q3044918)
WARNING: the district troisième circonscription du Val-d'Oise (Q3540180) wasn't found in the boundary data for position député (Q3044918)
WARNING: the district première circonscription de la Haute-Savoie (Q3402076) wasn't found in the boundary data for position député (Q3044918)
WARNING: the district quatrième circonscription de l'Essonne (Q3413557) wasn't found in the boundary data for position député (Q3044918)
WARNING: the district troisième circonscription de l'Essonne (Q3540114) wasn't found in the boundary data for position député (Q3044918)
WARNING: the district vingtième circonscription du Nord (Q3560265) wasn't found in the boundary data for position député (Q3044918)
WARNING: the district neuvième circonscription de la Seine-Saint-Denis (Q3338772) wasn't found in the boundary data for position député (Q3044918)
WARNING: the district cinquième circonscription de la Moselle (Q2972967) wasn't found in the boundary data for position député (Q3044918)
WARNING: the district sixième circonscription de Maine-et-Loire (Q3485678) wasn't found in the boundary data for position député (Q3044918)
WARNING: the district quatrième circonscription de Maine-et-Loire (Q3413544) wasn't found in the boundary data for position député (Q3044918)
WARNING: the district sixième circonscription du Var (Q3485726) wasn't found in the boundary data for position député (Q3044918)
WARNING: the district troisième circonscription de l'Eure (Q3540116) wasn't found in the boundary data for position député (Q3044918)
WARNING: the district première circonscription du Rhône (Q3402151) wasn't found in the boundary data for position député (Q3044918)
WARNING: the district cinquième circonscription de la Loire (Q2972963) wasn't found in the boundary data for position député (Q3044918)
WARNING: the district première circonscription des Hautes-Pyrénées (Q3402121) wasn't found in the boundary data for position député (Q3044918)
WARNING: the district première circonscription de la Guadeloupe (Q3402068) wasn't found in the boundary data for position député (Q3044918)
WARNING: the district  (Q3025214) wasn't found in the boundary data for position député (Q3044918)
WARNING: the district quatrième circonscription de la Seine-Maritime (Q3413588) wasn't found in the boundary data for position député (Q3044918)
WARNING: the district dixième circonscription du Val-d'Oise (Q3032625) wasn't found in the boundary data for position député (Q3044918)
WARNING: the district neuvième circonscription de Paris (Q3338757) wasn't found in the boundary data for position député (Q3044918)
WARNING: the district troisième circonscription du Tarn (Q3540179) wasn't found in the boundary data for position député (Q3044918)
WARNING: the district douzième circonscription de la Seine-Saint-Denis (Q3038243) wasn't found in the boundary data for position député (Q3044918)
WARNING: the district deuxième circonscription de la Drôme (Q3025197) wasn't found in the boundary data for position député (Q3044918)
WARNING: the district quatrième circonscription de la Vienne (Q3413594) wasn't found in the boundary data for position député (Q3044918)
WARNING: the district troisième circonscription de la Seine-Maritime (Q3540147) wasn't found in the boundary data for position député (Q3044918)
WARNING: the district deuxième circonscription de Saône-et-Loire (Q3025145) wasn't found in the boundary data for position député (Q3044918)
WARNING: the district septième circonscription du Val-d'Oise (Q3479052) wasn't found in the boundary data for position député (Q3044918)
WARNING: the district troisième circonscription de Lot-et-Garonne (Q3540100) wasn't found in the boundary data for position député (Q3044918)
WARNING: the district deuxième circonscription de la Dordogne (Q3025193) wasn't found in the boundary data for position député (Q3044918)
WARNING: the district troisième circonscription du Nord (Q3540175) wasn't found in the boundary data for position député (Q3044918)
WARNING: the district troisième circonscription du Pas-de-Calais (Q16681207) wasn't found in the boundary data for position député (Q3044918)
WARNING: the district première circonscription de la Haute-Garonne (Q3402073) wasn't found in the boundary data for position député (Q3044918)
WARNING: the district deuxième circonscription du Haut-Rhin (Q3025263) wasn't found in the boundary data for position député (Q3044918)
WARNING: the district treizième circonscription du Rhône (Q3538382) wasn't found in the boundary data for position député (Q3044918)
WARNING: the district troisième circonscription du Doubs (Q3540169) wasn't found in the boundary data for position député (Q3044918)
WARNING: the district cinquième circonscription des Français établis hors de France (Q2972979) wasn't found in the boundary data for position député (Q3044918)
WARNING: the district première circonscription du Gers (Q3402140) wasn't found in the boundary data for position député (Q3044918)
WARNING: the district troisième circonscription du Gard (Q3540170) wasn't found in the boundary data for position député (Q3044918)
WARNING: the district première circonscription de Vaucluse (Q3402027) wasn't found in the boundary data for position député (Q3044918)
WARNING: the district quatrième circonscription du Gard (Q3413610) wasn't found in the boundary data for position député (Q3044918)
WARNING: the district première circonscription du Doubs (Q3402135) wasn't found in the boundary data for position député (Q3044918)
WARNING: the district première circonscription de la Dordogne (Q3402064) wasn't found in the boundary data for position député (Q3044918)
WARNING: the district première circonscription des Deux-Sèvres (Q3402118) wasn't found in the boundary data for position député (Q3044918)
WARNING: the district quatorzième circonscription du Nord (Q3413419) wasn't found in the boundary data for position député (Q3044918)
WARNING: the district quatrième circonscription de la Dordogne (Q3413566) wasn't found in the boundary data for position député (Q3044918)
WARNING: the district première circonscription de la Drôme (Q3402067) wasn't found in the boundary data for position député (Q3044918)
WARNING: the district troisième circonscription du Morbihan (Q3540174) wasn't found in the boundary data for position député (Q3044918)
WARNING: the district deuxième circonscription de l'Isère (Q3025184) wasn't found in the boundary data for position député (Q3044918)
WARNING: the district septième circonscription de la Gironde (Q3479039) wasn't found in the boundary data for position député (Q3044918)
WARNING: the district quatrième circonscription de la Gironde (Q3413573) wasn't found in the boundary data for position député (Q3044918)
WARNING: the district première circonscription de la Gironde (Q3402071) wasn't found in the boundary data for position député (Q3044918)
WARNING: the district huitième circonscription de l'Hérault (Q3142933) wasn't found in the boundary data for position député (Q3044918)
WARNING: the district neuvième circonscription du Pas-de-Calais (Q3338786) wasn't found in the boundary data for position député (Q3044918)
WARNING: the district quatrième circonscription de la Moselle (Q3413584) wasn't found in the boundary data for position député (Q3044918)
WARNING: the district première circonscription de Saône-et-Loire (Q3402015) wasn't found in the boundary data for position député (Q3044918)
WARNING: the district dixième circonscription de Seine-et-Marne (Q3032609) wasn't found in the boundary data for position député (Q3044918)
WARNING: the district quatrième circonscription de l'Hérault (Q3413561) wasn't found in the boundary data for position député (Q3044918)
WARNING: the district douzième circonscription de la Gironde (Q3038241) wasn't found in the boundary data for position député (Q3044918)
WARNING: the district troisième circonscription de l'Hérault (Q3540117) wasn't found in the boundary data for position député (Q3044918)
WARNING: the district deuxième circonscription de l'Eure (Q3025180) wasn't found in the boundary data for position député (Q3044918)
WARNING: the district neuvième circonscription de la Gironde (Q3338769) wasn't found in the boundary data for position député (Q3044918)
WARNING: the district première circonscription du Pas-de-Calais (Q3402157) wasn't found in the boundary data for position député (Q3044918)
WARNING: the district sixième circonscription de Paris (Q3485683) wasn't found in the boundary data for position député (Q3044918)
WARNING: the district quatrième circonscription de la Haute-Garonne (Q3413572) wasn't found in the boundary data for position député (Q3044918)
WARNING: the district septième circonscription de l'Hérault (Q3479033) wasn't found in the boundary data for position député (Q3044918)
WARNING: the district première circonscription d'Eure-et-Loir (Q3401945) wasn't found in the boundary data for position député (Q3044918)
WARNING: the district première circonscription de Lot-et-Garonne (Q3401996) wasn't found in the boundary data for position député (Q3044918)
WARNING: the district cinquième circonscription du Val-d'Oise (Q2972994) wasn't found in the boundary data for position député (Q3044918)
WARNING: the district première circonscription de l'Hérault (Q3402052) wasn't found in the boundary data for position député (Q3044918)
WARNING: the district troisième circonscription de Vaucluse (Q3540107) wasn't found in the boundary data for position député (Q3044918)
WARNING: the district quatrième circonscription de l'Eure (Q3413559) wasn't found in the boundary data for position député (Q3044918)
WARNING: the district cinquième circonscription de la Haute-Garonne (Q2972960) wasn't found in the boundary data for position député (Q3044918)
WARNING: the district cinquième circonscription de la Sarthe (Q2972968) wasn't found in the boundary data for position député (Q3044918)
WARNING: the district deuxième circonscription de Lot-et-Garonne (Q3025129) wasn't found in the boundary data for position député (Q3044918)
WARNING: the district cinquième circonscription de Saône-et-Loire (Q2972949) wasn't found in the boundary data for position député (Q3044918)
WARNING: the district sixième circonscription de la Haute-Savoie (Q3485693) wasn't found in the boundary data for position député (Q3044918)
WARNING: the district huitième circonscription de la Gironde (Q662655) wasn't found in the boundary data for position député (Q3044918)
WARNING: the district huitième circonscription de la Loire-Atlantique (Q3142941) wasn't found in the boundary data for position député (Q3044918)
WARNING: the district première circonscription de la Vienne (Q3402109) wasn't found in the boundary data for position député (Q3044918)
WARNING: the district cinquième circonscription de l'Oise (Q2364083) wasn't found in the boundary data for position député (Q3044918)
WARNING: the district septième circonscription du Pas-de-Calais (Q3479057) wasn't found in the boundary data for position député (Q3044918)
WARNING: the district deuxième circonscription de Maine-et-Loire (Q3025130) wasn't found in the boundary data for position député (Q3044918)
WARNING: the district septième circonscription de l'Oise (Q3479036) wasn't found in the boundary data for position député (Q3044918)
WARNING: the district première circonscription des Vosges (Q3402128) wasn't found in the boundary data for position député (Q3044918)
WARNING: the district septième circonscription des Yvelines (Q3479046) wasn't found in the boundary data for position député (Q3044918)
WARNING: the district sixième circonscription du Val-d'Oise (Q3485724) wasn't found in the boundary data for position député (Q3044918)
WARNING: the district quatrième circonscription du Val-de-Marne (Q3413624) wasn't found in the boundary data for position député (Q3044918)
WARNING: the district neuvième circonscription des Français établis hors de France (Q3338777) wasn't found in the boundary data for position député (Q3044918)
WARNING: the district première circonscription de Meurthe-et-Moselle (Q2390935) wasn't found in the boundary data for position député (Q3044918)
WARNING: the district troisième circonscription du Val-de-Marne (Q3540181) wasn't found in the boundary data for position député (Q3044918)
WARNING: the district onzième circonscription de la Gironde (Q730131) wasn't found in the boundary data for position député (Q3044918)
WARNING: the district deuxième circonscription de l'Oise (Q3025185) wasn't found in the boundary data for position député (Q3044918)
WARNING: the district cinquième circonscription de la Gironde (Q2972964) wasn't found in the boundary data for position député (Q3044918)
WARNING: the district troisième circonscription de l'Isère (Q3540119) wasn't found in the boundary data for position député (Q3044918)
WARNING: the district troisième circonscription de Meurthe-et-Moselle (Q2309942) wasn't found in the boundary data for position député (Q3044918)
WARNING: the district deuxième circonscription de la Moselle (Q3025220) wasn't found in the boundary data for position député (Q3044918)
WARNING: the district troisième circonscription de la Moselle (Q2372577) wasn't found in the boundary data for position député (Q3044918)
WARNING: the district sixième circonscription du Haut-Rhin (Q3485715) wasn't found in the boundary data for position député (Q3044918)
WARNING: the district onzième circonscription du Val-de-Marne (Q3352912) wasn't found in the boundary data for position député (Q3044918)
WARNING: the district quatrième circonscription de la Somme (Q3413592) wasn't found in the boundary data for position député (Q3044918)
WARNING: the district deuxième circonscription de Paris (Q3025141) wasn't found in the boundary data for position député (Q3044918)
WARNING: the district troisième circonscription des Vosges (Q3540162) wasn't found in the boundary data for position député (Q3044918)
WARNING: the district sixième circonscription du Nord (Q3485720) wasn't found in the boundary data for position député (Q3044918)
WARNING: the district sixième circonscription de la Gironde (Q3485695) wasn't found in the boundary data for position député (Q3044918)
WARNING: the district troisième circonscription du Bas-Rhin (Q3540165) wasn't found in the boundary data for position député (Q3044918)
WARNING: the district vingt et unième circonscription du Nord (Q3560168) wasn't found in the boundary data for position député (Q3044918)
WARNING: the district première circonscription de La Réunion (Q3401991) wasn't found in the boundary data for position député (Q3044918)
WARNING: the district première circonscription des Landes (Q3402124) wasn't found in the boundary data for position député (Q3044918)
WARNING: the district troisième circonscription de la Manche (Q3540136) wasn't found in the boundary data for position député (Q3044918)
WARNING: the district première circonscription de l'Eure (Q3402047) wasn't found in the boundary data for position député (Q3044918)
WARNING: the district septième circonscription du Nord (Q3479054) wasn't found in the boundary data for position député (Q3044918)
WARNING: the district deuxième circonscription de l'Essonne (Q3025179) wasn't found in the boundary data for position député (Q3044918)
WARNING: the district troisième circonscription d'Ille-et-Vilaine (Q3540086) wasn't found in the boundary data for position député (Q3044918)
WARNING: the district deuxième circonscription de la Haute-Marne (Q3025206) wasn't found in the boundary data for position député (Q3044918)
WARNING: the district huitième circonscription du Val-d'Oise (Q3142960) wasn't found in the boundary data for position député (Q3044918)
WARNING: the district première circonscription de la Somme (Q3402107) wasn't found in the boundary data for position député (Q3044918)
WARNING: the district quatrième circonscription du Doubs (Q3413607) wasn't found in the boundary data for position député (Q3044918)
WARNING: the district huitième circonscription du Bas-Rhin (Q3142951) wasn't found in the boundary data for position député (Q3044918)
WARNING: the district treizième circonscription des Hauts-de-Seine (Q3538379) wasn't found in the boundary data for position député (Q3044918)
WARNING: the district première circonscription de la Guyane (Q3402069) wasn't found in the boundary data for position député (Q3044918)
WARNING: the district première circonscription des Landes (Q3402124) wasn't found in the boundary data for position député (Q3044918)
WARNING: the district première circonscription du Var (Q3402162) wasn't found in the boundary data for position député (Q3044918)
WARNING: the district deuxième circonscription de Nouvelle-Calédonie (Q3025139) wasn't found in the boundary data for position député (Q3044918)
WARNING: the district cinquième circonscription du Val-de-Marne (Q2972999) wasn't found in the boundary data for position député (Q3044918)
WARNING: the district septième circonscription d'Ille-et-Vilaine (Q3479028) wasn't found in the boundary data for position député (Q3044918)
WARNING: the district deuxième circonscription du Gers (Q3025261) wasn't found in the boundary data for position député (Q3044918)
WARNING: the district première circonscription de la Mayenne (Q3402089) wasn't found in the boundary data for position député (Q3044918)
WARNING: the district première circonscription de l'Yonne (Q3402058) wasn't found in the boundary data for position député (Q3044918)
WARNING: the district deuxième circonscription de Loir-et-Cher (Q3025128) wasn't found in the boundary data for position député (Q3044918)
WARNING: the district cinquième circonscription du Morbihan (Q2972989) wasn't found in the boundary data for position député (Q3044918)
WARNING: the district deuxième circonscription des Vosges (Q3025253) wasn't found in the boundary data for position député (Q3044918)
WARNING: the district troisième circonscription de l'Aube (Q3540112) wasn't found in the boundary data for position député (Q3044918)
WARNING: the district première circonscription du Morbihan (Q3402147) wasn't found in the boundary data for position député (Q3044918)
WARNING: the district deuxième circonscription de La Réunion (Q2390198) wasn't found in the boundary data for position député (Q3044918)
WARNING: the district quatrième circonscription de la Guadeloupe (Q3413576) wasn't found in the boundary data for position député (Q3044918)
WARNING: the district deuxième circonscription du Pas-de-Calais (Q3025274) wasn't found in the boundary data for position député (Q3044918)
WARNING: the district troisième circonscription de Maine-et-Loire (Q3540099) wasn't found in the boundary data for position député (Q3044918)
WARNING: the district cinquième circonscription de la Seine-Saint-Denis (Q2972971) wasn't found in the boundary data for position député (Q3044918)
WARNING: the district deuxième circonscription de Vaucluse (Q3025164) wasn't found in the boundary data for position député (Q3044918)
WARNING: the district septième circonscription du Val-de-Marne (Q3479053) wasn't found in the boundary data for position député (Q3044918)
WARNING: the district quatrième circonscription des Vosges (Q3413602) wasn't found in the boundary data for position député (Q3044918)
WARNING: the district troisième circonscription de l'Aisne (Q3540109) wasn't found in the boundary data for position député (Q3044918)
WARNING: the district troisième circonscription du Haut-Rhin (Q3540171) wasn't found in the boundary data for position député (Q3044918)
WARNING: the district troisième circonscription du Jura (Q3540172) wasn't found in the boundary data for position député (Q3044918)
WARNING: the district troisième circonscription de la Vienne (Q731672) wasn't found in the boundary data for position député (Q3044918)
WARNING: the district première circonscription de l'Allier (Q3402043) wasn't found in the boundary data for position député (Q3044918)
WARNING: the district quatrième circonscription de la Martinique (Q3413583) wasn't found in the boundary data for position député (Q3044918)
WARNING: the district quatrième circonscription du Loiret (Q3413613) wasn't found in the boundary data for position député (Q3044918)
WARNING: the district cinquième circonscription du Pas-de-Calais (Q579644) wasn't found in the boundary data for position député (Q3044918)
WARNING: the district deuxième circonscription de la Haute-Loire (Q3025204) wasn't found in the boundary data for position député (Q3044918)
WARNING: the district deuxième circonscription de la Haute-Loire (Q3025204) wasn't found in the boundary data for position député (Q3044918)
WARNING: the district deuxième circonscription du Cantal (Q3025262) wasn't found in the boundary data for position député (Q3044918)
WARNING: the district quatrième circonscription des Pyrénées-Atlantiques (Q14437746) wasn't found in the boundary data for position député (Q3044918)
WARNING: the district deuxième circonscription des Hautes-Pyrénées (Q3025243) wasn't found in the boundary data for position député (Q3044918)
WARNING: the district deuxième circonscription du Morbihan (Q3025267) wasn't found in the boundary data for position député (Q3044918)
WARNING: the district deuxième circonscription du Morbihan (Q3025267) wasn't found in the boundary data for position député (Q3044918)
WARNING: the district première circonscription de l'Orne (Q3402057) wasn't found in the boundary data for position député (Q3044918)
WARNING: the district sixième circonscription d'Ille-et-Vilaine (Q3485677) wasn't found in the boundary data for position député (Q3044918)
WARNING: the district première circonscription de la Martinique (Q3402086) wasn't found in the boundary data for position député (Q3044918)
WARNING: the district troisième circonscription d'Eure-et-Loir (Q3540084) wasn't found in the boundary data for position député (Q3044918)
WARNING: the district sixième circonscription du Bas-Rhin (Q3485709) wasn't found in the boundary data for position député (Q3044918)
WARNING: the district deuxième circonscription des Pyrénées-Orientales (Q945317) wasn't found in the boundary data for position député (Q3044918)
WARNING: the district neuvième circonscription du Val-de-Marne (Q3338785) wasn't found in the boundary data for position député (Q3044918)
WARNING: the district septième circonscription de La Réunion (Q3479025) wasn't found in the boundary data for position député (Q3044918)
WARNING: the district deuxième circonscription de Mayotte (Q3025132) wasn't found in the boundary data for position député (Q3044918)
WARNING: the district troisième circonscription des Côtes-d'Armor (Q3540157) wasn't found in the boundary data for position député (Q3044918)
WARNING: the district cinquième circonscription du Loiret (Q2972988) wasn't found in the boundary data for position député (Q3044918)
WARNING: the district deuxième circonscription du Jura (Q3025264) wasn't found in the boundary data for position député (Q3044918)
WARNING: the district quatrième circonscription de l'Isère (Q3413562) wasn't found in the boundary data for position député (Q3044918)
WARNING: the district neuvième circonscription de l'Essonne (Q3338761) wasn't found in the boundary data for position député (Q3044918)
WARNING: the district deuxième circonscription de la Sarthe (Q3025224) wasn't found in the boundary data for position député (Q3044918)
WARNING: the district troisième circonscription de la Haute-Savoie (Q3540131) wasn't found in the boundary data for position député (Q3044918)
WARNING: the district deuxième circonscription des Alpes-de-Haute-Provence (Q3025239) wasn't found in the boundary data for position député (Q3044918)
WARNING: the district quatrième circonscription du Puy-de-Dôme (Q3413616) wasn't found in the boundary data for position député (Q3044918)
WARNING: the district cinquième circonscription de Paris (Q2972946) wasn't found in the boundary data for position député (Q3044918)
WARNING: the district huitième circonscription des Yvelines (Q3142950) wasn't found in the boundary data for position député (Q3044918)
WARNING: the district deuxième circonscription du Territoire de Belfort (Q3025273) wasn't found in the boundary data for position député (Q3044918)
WARNING: the district sixième circonscription de la Haute-Garonne (Q3485692) wasn't found in the boundary data for position député (Q3044918)
WARNING: the district première circonscription de l'Isère (Q3402053) wasn't found in the boundary data for position député (Q3044918)
WARNING: the district deuxième circonscription législative de l'Indre (Q3025281) wasn't found in the boundary data for position député (Q3044918)
WARNING: the district cinquième circonscription de l'Essonne (Q2972953) wasn't found in the boundary data for position député (Q3044918)
WARNING: the district cinquième circonscription de l'Essonne (Q2972953) wasn't found in the boundary data for position député (Q3044918)
WARNING: the district première circonscription de l'Oise (Q3402055) wasn't found in the boundary data for position député (Q3044918)
WARNING: the district première circonscription de la Charente-Maritime (Q3402063) wasn't found in the boundary data for position député (Q3044918)
WARNING: the district onzième circonscription de Seine-et-Marne (Q2419333) wasn't found in the boundary data for position député (Q3044918)
WARNING: the district deuxième circonscription d'Eure-et-Loir (Q3025079) wasn't found in the boundary data for position député (Q3044918)
WARNING: the district septième circonscription du Bas-Rhin (Q3479047) wasn't found in the boundary data for position député (Q3044918)
WARNING: the district neuvième circonscription de l'Hérault (Q3338763) wasn't found in the boundary data for position député (Q3044918)
WARNING: the district quatrième circonscription du Morbihan (Q3413615) wasn't found in the boundary data for position député (Q3044918)
WARNING: the district sixième circonscription du Gard (Q3485711) wasn't found in the boundary data for position député (Q3044918)
WARNING: the district première circonscription de Nouvelle-Calédonie (Q3402006) wasn't found in the boundary data for position député (Q3044918)
WARNING: the district première circonscription de Nouvelle-Calédonie (Q3402006) wasn't found in the boundary data for position député (Q3044918)
WARNING: the district première circonscription du Tarn (Q3402153) wasn't found in the boundary data for position député (Q3044918)
WARNING: the district première circonscription de la Manche (Q3402084) wasn't found in the boundary data for position député (Q3044918)
WARNING: the district quatrième circonscription d'Eure-et-Loir (Q3413536) wasn't found in the boundary data for position député (Q3044918)
WARNING: the district quatrième circonscription d'Eure-et-Loir (Q3413536) wasn't found in the boundary data for position député (Q3044918)
WARNING: the district sixième circonscription du Finistère (Q3485716) wasn't found in the boundary data for position député (Q3044918)
WARNING: the district première circonscription de la Loire (Q3402080) wasn't found in the boundary data for position député (Q3044918)
WARNING: the district première circonscription de la Loire (Q3402080) wasn't found in the boundary data for position député (Q3044918)
WARNING: the district dixième circonscription de la Haute-Garonne (Q3032613) wasn't found in the boundary data for position député (Q3044918)
WARNING: the district dixième circonscription de la Loire-Atlantique (Q2375663) wasn't found in the boundary data for position député (Q3044918)
WARNING: the district cinquième circonscription de la Somme (Q2972975) wasn't found in the boundary data for position député (Q3044918)
WARNING: the district première circonscription de l'Aveyron (Q3402050) wasn't found in the boundary data for position député (Q3044918)
WARNING: the district troisième circonscription de la Manche (Q3540136) wasn't found in the boundary data for position député (Q3044918)
WARNING: the district troisième circonscription de la Manche (Q3540136) wasn't found in the boundary data for position député (Q3044918)
WARNING: the district cinquième circonscription du Nord (Q2972995) wasn't found in the boundary data for position député (Q3044918)
WARNING: the district sixième circonscription de la Seine-Maritime (Q3485701) wasn't found in the boundary data for position député (Q3044918)
WARNING: the district neuvième circonscription des Hauts-de-Seine (Q3338774) wasn't found in the boundary data for position député (Q3044918)
WARNING: the district deuxième circonscription de Seine-et-Marne (Q3025146) wasn't found in the boundary data for position député (Q3044918)
WARNING: the district deuxième circonscription de Seine-et-Marne (Q3025146) wasn't found in the boundary data for position député (Q3044918)
WARNING: the district deuxième circonscription de Seine-et-Marne (Q3025146) wasn't found in the boundary data for position député (Q3044918)
WARNING: the district première circonscription de Tarn-et-Garonne (Q3402026) wasn't found in the boundary data for position député (Q3044918)
WARNING: the district première circonscription du Cantal (Q3402137) wasn't found in the boundary data for position député (Q3044918)
WARNING: the district deuxième circonscription de la Savoie (Q3025225) wasn't found in the boundary data for position député (Q3044918)
WARNING: the district deuxième circonscription de la Savoie (Q3025225) wasn't found in the boundary data for position député (Q3044918)
WARNING: the district quatrième circonscription de la Haute-Savoie (Q3413575) wasn't found in the boundary data for position député (Q3044918)
WARNING: the district deuxième circonscription de l'Orne (Q3025186) wasn't found in the boundary data for position député (Q3044918)
WARNING: the district troisième circonscription de la Mayenne (Q3540140) wasn't found in the boundary data for position député (Q3044918)
WARNING: the district sixième circonscription de la Loire-Atlantique (Q3485700) wasn't found in the boundary data for position député (Q3044918)
WARNING: the district douzième circonscription des Bouches-du-Rhône (Q3038245) wasn't found in the boundary data for position député (Q3044918)
WARNING: the district première circonscription du Haut-Rhin (Q3402142) wasn't found in the boundary data for position député (Q3044918)
WARNING: the district quatrième circonscription de Vaucluse (Q3413553) wasn't found in the boundary data for position député (Q3044918)
WARNING: the district quatrième circonscription de Vaucluse (Q3413553) wasn't found in the boundary data for position député (Q3044918)
WARNING: the district première circonscription de l'Ain (Q3402037) wasn't found in the boundary data for position député (Q3044918)
WARNING: the district troisième circonscription d'Indre-et-Loire (Q3540085) wasn't found in the boundary data for position député (Q3044918)
WARNING: the district deuxième circonscription de l'Ardèche (Q3025171) wasn't found in the boundary data for position député (Q3044918)
WARNING: the district onzième circonscription de Paris (Q3352894) wasn't found in the boundary data for position député (Q3044918)
WARNING: the district quatrième circonscription de la Seine-Saint-Denis (Q3413589) wasn't found in the boundary data for position député (Q3044918)
WARNING: the district première circonscription des Bouches-du-Rhône (Q2379890) wasn't found in the boundary data for position député (Q3044918)
WARNING: the district deuxième circonscription de Tarn-et-Garonne (Q3025158) wasn't found in the boundary data for position député (Q3044918)
WARNING: the district première circonscription du Val-d'Oise (Q3402159) wasn't found in the boundary data for position député (Q3044918)
WARNING: the district troisième circonscription des Ardennes (Q3540155) wasn't found in the boundary data for position député (Q3044918)
WARNING: the district sixième circonscription des Hauts-de-Seine (Q3485707) wasn't found in the boundary data for position député (Q3044918)
WARNING: the district cinquième circonscription du Puy-de-Dôme (Q2972991) wasn't found in the boundary data for position député (Q3044918)
WARNING: the district circonscription de Wallis et Futuna (Q2973883) wasn't found in the boundary data for position député (Q3044918)
WARNING: the district deuxième circonscription de la Martinique (Q3025217) wasn't found in the boundary data for position député (Q3044918)
WARNING: the district huitième circonscription de la Seine-Maritime (Q3142942) wasn't found in the boundary data for position député (Q3044918)
WARNING: the district troisième circonscription de la Martinique (Q3540139) wasn't found in the boundary data for position député (Q3044918)
WARNING: the district troisième circonscription de Seine-et-Marne (Q3540105) wasn't found in the boundary data for position député (Q3044918)
WARNING: the district deuxième circonscription des Hautes-Alpes (Q3025248) wasn't found in the boundary data for position député (Q3044918)
WARNING: the district première circonscription de Loir-et-Cher (Q3401995) wasn't found in the boundary data for position député (Q3044918)
WARNING: the district quatrième circonscription de Seine-et-Marne (Q3413551) wasn't found in the boundary data for position député (Q3044918)
WARNING: the district douzième circonscription des Hauts-de-Seine (Q3038247) wasn't found in the boundary data for position député (Q3044918)
WARNING: the district quinzième circonscription des Bouches-du-Rhône (Q3414696) wasn't found in the boundary data for position député (Q3044918)
WARNING: the district neuvième circonscription des Bouches-du-Rhône (Q3338773) wasn't found in the boundary data for position député (Q3044918)
WARNING: the district huitième circonscription du Val-de-Marne (Q3142962) wasn't found in the boundary data for position député (Q3044918)
WARNING: the district quatrième circonscription de la Sarthe (Q3413586) wasn't found in the boundary data for position député (Q3044918)
WARNING: the district cinquième circonscription de l'Ain (Q2972952) wasn't found in the boundary data for position député (Q3044918)
WARNING: the district troisième circonscription de Loir-et-Cher (Q3540098) wasn't found in the boundary data for position député (Q3044918)
WARNING: the district première circonscription de l'Eure (Q3402047) wasn't found in the boundary data for position député (Q3044918)
WARNING: the district première circonscription de l'Essonne (Q3402045) wasn't found in the boundary data for position député (Q3044918)
WARNING: the district troisième circonscription du Rhône (Q3540178) wasn't found in the boundary data for position député (Q3044918)
WARNING: the district onzième circonscription du Pas-de-Calais (Q16668096) wasn't found in the boundary data for position député (Q3044918)
WARNING: the district huitième circonscription du Rhône (Q3142957) wasn't found in the boundary data for position député (Q3044918)
WARNING: the district huitième circonscription du Rhône (Q3142957) wasn't found in the boundary data for position député (Q3044918)
WARNING: the district neuvième circonscription du Rhône (Q3338780) wasn't found in the boundary data for position député (Q3044918)
WARNING: the district quatorzième circonscription du Rhône (Q3413418) wasn't found in the boundary data for position député (Q3044918)
WARNING: the district huitième circonscription de l'Essonne (Q3142932) wasn't found in the boundary data for position député (Q3044918)
WARNING: the district sixième circonscription des Bouches-du-Rhône (Q3485704) wasn't found in the boundary data for position député (Q3044918)
WARNING: the district quatrième circonscription des Bouches-du-Rhône (Q3413595) wasn't found in the boundary data for position député (Q3044918)
WARNING: the district cinquième circonscription de Seine-et-Marne (Q2972950) wasn't found in the boundary data for position député (Q3044918)
WARNING: Position sénateur de la Cinquième République (Q14828018) not in boundary associated_wikidata_positions
WARNING: the district Ille-et-Vilaine (Q12549) wasn't found in the boundary data for position sénateur de la Cinquième République (Q14828018)
WARNING: the district Indre-et-Loire (Q12556) wasn't found in the boundary data for position sénateur de la Cinquième République (Q14828018)
WARNING: the district Deux-Sèvres (Q12765) wasn't found in the boundary data for position sénateur de la Cinquième République (Q14828018)
WARNING: the district Deux-Sèvres (Q12765) wasn't found in the boundary data for position sénateur de la Cinquième République (Q14828018)
WARNING: the district Tarn-et-Garonne (Q12779) wasn't found in the boundary data for position sénateur de la Cinquième République (Q14828018)
WARNING: the district Ariège (Q3184) wasn't found in the boundary data for position sénateur de la Cinquième République (Q14828018)
WARNING: the district Territoire de Belfort (Q12782) wasn't found in the boundary data for position sénateur de la Cinquième République (Q14828018)
WARNING: the district Territoire de Belfort (Q12782) wasn't found in the boundary data for position sénateur de la Cinquième République (Q14828018)
WARNING: the district Bas-Rhin (Q12717) wasn't found in the boundary data for position sénateur de la Cinquième République (Q14828018)
WARNING: the district Somme (Q12770) wasn't found in the boundary data for position sénateur de la Cinquième République (Q14828018)
WARNING: the district Polynésie française (Q30971) wasn't found in the boundary data for position sénateur de la Cinquième République (Q14828018)
WARNING: the district Polynésie française (Q30971) wasn't found in the boundary data for position sénateur de la Cinquième République (Q14828018)
WARNING: the district Cantal (Q3259) wasn't found in the boundary data for position sénateur de la Cinquième République (Q14828018)
WARNING: the district Pas-de-Calais (Q12689) wasn't found in the boundary data for position sénateur de la Cinquième République (Q14828018)
WARNING: the district Seine-Saint-Denis (Q12761) wasn't found in the boundary data for position sénateur de la Cinquième République (Q14828018)
WARNING: the district Seine-Saint-Denis (Q12761) wasn't found in the boundary data for position sénateur de la Cinquième République (Q14828018)
WARNING: the district Isère (Q12559) wasn't found in the boundary data for position sénateur de la Cinquième République (Q14828018)
WARNING: the district Loire (Q12569) wasn't found in the boundary data for position sénateur de la Cinquième République (Q14828018)
WARNING: the district Loire (Q12569) wasn't found in the boundary data for position sénateur de la Cinquième République (Q14828018)
WARNING: the district Loire (Q12569) wasn't found in the boundary data for position sénateur de la Cinquième République (Q14828018)
WARNING: the district Vendée (Q12798) wasn't found in the boundary data for position sénateur de la Cinquième République (Q14828018)
WARNING: the district Vendée (Q12798) wasn't found in the boundary data for position sénateur de la Cinquième République (Q14828018)
WARNING: the district Haute-Garonne (Q12538) wasn't found in the boundary data for position sénateur de la Cinquième République (Q14828018)
WARNING: the district Bas-Rhin (Q12717) wasn't found in the boundary data for position sénateur de la Cinquième République (Q14828018)
WARNING: the district Morbihan (Q12642) wasn't found in the boundary data for position sénateur de la Cinquième République (Q14828018)
WARNING: the district Ille-et-Vilaine (Q12549) wasn't found in the boundary data for position sénateur de la Cinquième République (Q14828018)
WARNING: the district Moselle (Q12652) wasn't found in the boundary data for position sénateur de la Cinquième République (Q14828018)
WARNING: the district Français établis hors de France (Q1450444) wasn't found in the boundary data for position sénateur de la Cinquième République (Q14828018)
WARNING: the district Ardennes (Q3164) wasn't found in the boundary data for position sénateur de la Cinquième République (Q14828018)
WARNING: the district Landes (Q12563) wasn't found in the boundary data for position sénateur de la Cinquième République (Q14828018)
WARNING: the district Gironde (Q12526) wasn't found in the boundary data for position sénateur de la Cinquième République (Q14828018)
WARNING: the district Aude (Q3207) wasn't found in the boundary data for position sénateur de la Cinquième République (Q14828018)
WARNING: the district Yvelines (Q12820) wasn't found in the boundary data for position sénateur de la Cinquième République (Q14828018)
WARNING: the district Loire-Atlantique (Q3068) wasn't found in the boundary data for position sénateur de la Cinquième République (Q14828018)
WARNING: the district Aisne (Q3093) wasn't found in the boundary data for position sénateur de la Cinquième République (Q14828018)
WARNING: the district Marne (Q12594) wasn't found in the boundary data for position sénateur de la Cinquième République (Q14828018)
WARNING: the district Marne (Q12594) wasn't found in the boundary data for position sénateur de la Cinquième République (Q14828018)
WARNING: the district Marne (Q12594) wasn't found in the boundary data for position sénateur de la Cinquième République (Q14828018)
WARNING: the district Marne (Q12594) wasn't found in the boundary data for position sénateur de la Cinquième République (Q14828018)
WARNING: the district Seine-Saint-Denis (Q12761) wasn't found in the boundary data for position sénateur de la Cinquième République (Q14828018)
WARNING: the district Seine-Saint-Denis (Q12761) wasn't found in the boundary data for position sénateur de la Cinquième République (Q14828018)
WARNING: the district Isère (Q12559) wasn't found in the boundary data for position sénateur de la Cinquième République (Q14828018)
WARNING: the district Paris (Q90) wasn't found in the boundary data for position sénateur de la Cinquième République (Q14828018)
WARNING: the district Indre-et-Loire (Q12556) wasn't found in the boundary data for position sénateur de la Cinquième République (Q14828018)
WARNING: the district Indre-et-Loire (Q12556) wasn't found in the boundary data for position sénateur de la Cinquième République (Q14828018)
WARNING: the district Yvelines (Q12820) wasn't found in the boundary data for position sénateur de la Cinquième République (Q14828018)
WARNING: the district Isère (Q12559) wasn't found in the boundary data for position sénateur de la Cinquième République (Q14828018)
WARNING: the district Isère (Q12559) wasn't found in the boundary data for position sénateur de la Cinquième République (Q14828018)
WARNING: the district Bouches-du-Rhône (Q3240) wasn't found in the boundary data for position sénateur de la Cinquième République (Q14828018)
WARNING: the district Nord (Q12661) wasn't found in the boundary data for position sénateur de la Cinquième République (Q14828018)
WARNING: the district Gironde (Q12526) wasn't found in the boundary data for position sénateur de la Cinquième République (Q14828018)
WARNING: the district Paris (Q90) wasn't found in the boundary data for position sénateur de la Cinquième République (Q14828018)
WARNING: the district Paris (Q90) wasn't found in the boundary data for position sénateur de la Cinquième République (Q14828018)
WARNING: the district Var (Q12789) wasn't found in the boundary data for position sénateur de la Cinquième République (Q14828018)
WARNING: the district Pas-de-Calais (Q12689) wasn't found in the boundary data for position sénateur de la Cinquième République (Q14828018)
WARNING: the district Bas-Rhin (Q12717) wasn't found in the boundary data for position sénateur de la Cinquième République (Q14828018)
WARNING: the district Rhône (Q46130) wasn't found in the boundary data for position sénateur de la Cinquième République (Q14828018)
WARNING: Position [no item] not in boundary associated_wikidata_positions
WARNING: Position [no item] not in boundary associated_wikidata_positions
WARNING: Position [no item] not in boundary associated_wikidata_positions
WARNING: Position [no item] not in boundary associated_wikidata_positions
WARNING: Position [no item] not in boundary associated_wikidata_positions
WARNING: Position [no item] not in boundary associated_wikidata_positions
WARNING: Position [no item] not in boundary associated_wikidata_positions
WARNING: Position [no item] not in boundary associated_wikidata_positions
WARNING: Position [no item] not in boundary associated_wikidata_positions
WARNING: Position [no item] not in boundary associated_wikidata_positions
WARNING: Position [no item] not in boundary associated_wikidata_positions
WARNING: Position [no item] not in boundary associated_wikidata_positions
WARNING: Position [no item] not in boundary associated_wikidata_positions
WARNING: Position [no item] not in boundary associated_wikidata_positions
WARNING: Position [no item] not in boundary associated_wikidata_positions
WARNING: Position [no item] not in boundary associated_wikidata_positions
WARNING: Position [no item] not in boundary associated_wikidata_positions
WARNING: Position conseiller de Paris (Q51236772) not in boundary associated_wikidata_positions
WARNING: the district 20e arrondissement de Paris (Q210720) wasn't found in the boundary data for position conseiller de Paris (Q51236772)
WARNING: the district 20e arrondissement de Paris (Q210720) wasn't found in the boundary data for position conseiller de Paris (Q51236772)
WARNING: Position Premier ministre français (Q1587677) not in boundary associated_wikidata_positions
WARNING: the district France (Q142) wasn't found in the boundary data for position Premier ministre français (Q1587677)
WARNING: the district France (Q142) wasn't found in the boundary data for position Premier ministre français (Q1587677)
WARNING: the district France (Q142) wasn't found in the boundary data for position Premier ministre français (Q1587677)
WARNING: Position président du conseil municipal de Paris (Q55097294) not in boundary associated_wikidata_positions
